// Jest Snapshot v1, https://goo.gl/fbAQLP

exports[`renders Page with uits-rivet style 1`] = `
Array [
  <div
    style={
        Object {
            "marginBottom": -59,
            "minHeight": "100%",
          }
    }
>
    <header
        className="rvt-header"
        role="banner"
    >
        <a
            className="rvt-skip-link"
            href="#main-content"
        >
            Skip to content
        </a>
        <div
            className="rvt-header__trident"
        >
            <svg
                aria-describedby="iu-logo"
                className="rvt-header__trident-logo"
                role="img"
                viewBox="0 0 41 48"
                xmlns="http://www.w3.org/2000/svg"
            >
                <title
                    id="iu-logo"
                >
                    Indiana University Logo
                </title>
                <rect
                    fill="#900"
                    height="48"
                    width="41"
                />
                <polygon
                    fill="#fff"
                    points="24.59 12.64 24.59 14.98 26.34 14.98 26.34 27.78 22.84 27.78 22.84 10.9 24.59 10.9 24.59 8.57 16.41 8.57 16.41 10.9 18.16 10.9 18.16 27.78 14.66 27.78 14.66 14.98 16.41 14.98 16.41 12.64 8.22 12.64 8.22 14.98 9.97 14.98 9.97 30.03 12.77 33.02 18.16 33.02 18.16 36.52 16.41 36.52 16.41 39.43 24.59 39.43 24.59 36.52 22.84 36.52 22.84 33.02 28 33.02 31.01 30.03 31.01 14.98 32.78 14.98 32.78 12.64 24.59 12.64"
                />
            </svg>
        </div>
        <span
            className="rvt-header__title"
        >
            <a
                href="/"
            >
                IT People
            </a>
        </span>
        <div
            className="rvt-header__controls"
        >
            <nav
                className="rvt-header__main-nav"
                role="navigation"
            >
                <ul>
                    <li>
                        <a
                            href="#"
                            onClick={[Function]}
                        >
                            Log In
                        </a>
                    </li>
                </ul>
            </nav>
            <div>
                 
                <button
                    aria-expanded={false}
                    aria-haspopup="true"
                    className="rvt-drawer-button"
                    onClick={[Function]}
                    type="button"
                >
                    <span
                        className="sr-only"
                    >
                        Toggle menu
                    </span>
                    <svg
                        className="rvt-drawer-button-open"
                        height="16"
                        role="img"
                        viewBox="0 0 16 16"
                        width="16"
                        xmlns="http://www.w3.org/2000/svg"
                    >
                        <g
                            fill="currentColor"
                        >
                            <path
                                d="M15,3H1A1,1,0,0,1,1,1H15a1,1,0,0,1,0,2Z"
                            />
                            <path
                                d="M15,9H1A1,1,0,0,1,1,7H15a1,1,0,0,1,0,2Z"
                            />
                            <path
                                d="M15,15H1a1,1,0,0,1,0-2H15a1,1,0,0,1,0,2Z"
                            />
                        </g>
                    </svg>
                </button>
            </div>
        </div>
    </header>
    <main
        className="rvt-m-top-xl rvt-m-bottom-xxl"
        id="main-content"
    />
    <div
        style={
            Object {
                "height": 59,
              }
        }
    >
         
    </div>
</div>,
  <div
    style={
        Object {
            "height": 59,
          }
    }
>
    <footer
        className="rvt-footer"
        id="id_TESTING"
        role="contentinfo"
    >
        <div
            className="rvt-footer__copyright-lockup"
        >
            <div
                className="rvt-footer__trident"
            >
                <svg
                    aria-labelledby="footer-trident"
                    height="25"
                    role="img"
                    viewBox="0 0 20 25"
                    width="20"
                    xmlns="http://www.w3.org/2000/svg"
                >
                    <title
                        id="footer-trident"
                    >
                        IU Trident Logo
                    </title>
                    <polygon
                        fill="#900"
                        points="13.33 3.32 13.33 5.21 14.76 5.21 14.76 15.64 11.9 15.64 11.9 1.9 13.33 1.9 13.33 0 6.67 0 6.67 1.9 8.09 1.9 8.09 15.64 5.24 15.64 5.24 5.21 6.67 5.21 6.67 3.32 0 3.32 0 5.21 1.43 5.21 1.43 17.47 3.7 19.91 8.09 19.91 8.09 22.76 6.67 22.76 6.67 25.13 13.33 25.13 13.33 22.76 11.9 22.76 11.9 19.91 16.1 19.91 18.56 17.47 18.56 5.21 20 5.21 20 3.32 13.33 3.32"
                    />
                </svg>
            </div>
            <p>
                <a
                    href="https://www.iu.edu/copyright/index.html"
                >
                    Copyright
                </a>
                 © 
                2019
                 The Trustees of 
                <a
                    href="https://www.iu.edu/"
                >
                    Indiana University
                </a>
            </p>
        </div>
    </footer>
</div>,
]
`;
